---
source: src/commands/picker/items.rs
expression: "render_preview_tabs(PreviewMode::WorkingTree,\nTabAvailability::worktree(LocalContent::default(), false, false, false),\nWIDE,)"
---
1: [1mHEAD±[22m[0m | 2: [2mlog[22m[0m | 3: [2mmain…±[22m[0m | [2m4:[22m [2mremote⇅[22m[0m | [2m5:[22m [2msummary[22m[0m | [2m6:[22m [2mpr[22m[0m | [2m7:[22m [2mcomments[22m[0m
[36m[2mEnter: switch | ctrl-u/d: scroll | Tab/alt-1…7: preview | alt-c: create | alt-x: remove | alt-y: copy | alt-o: open | alt-r: refresh | alt-p: toggle | Esc: cancel[39m[22m[0m
