---
source: src/commands/list/layout.rs
expression: table
---
  Branch              Status        HEAD±    main↕     main…±  Summary                                                           Remote⇅  CI     Commit   Age   Message
@ main                [2m·[0m  [2m·[0m[2m·[0m[2m·[0m[2m·[0m                                                                                                       |            a620bcf  1y    Some comm…
+ hourly-maintenance  [2m·[0m  [2m·[0m[2m·[0m[2m·[0m[2m·[0m               ↑2              ·                                                                          ·         a620bcf  1y    Some comm…
+ lab-continue        [2m·[0m  [2m·[0m[2m·[0m[2m·[0m[2m·[0m               ↑1  ↓2   +28   -1  Add extend and block insert in Markdown parser                       |            a620bcf  1y    Some comm…
+ dry-run-pager       [2m·[0m  [2m·[0m[2m·[0m[2m·[0m[2m·[0m               ↑3  ↓1          ·                                                                       |            a620bcf  1y    Some comm…
