---
source: tests/integration_tests/bare_repository.rs
info:
  program: wt
  args:
    - list
  env:
    CLICOLOR_FORCE: ""
    COLUMNS: "500"
    GIT_AUTHOR_DATE: "2025-01-01T00:00:00Z"
    GIT_COMMITTER_DATE: "2025-01-01T00:00:00Z"
    GIT_CONFIG_GLOBAL: "[TEST_GIT_CONFIG]"
    GIT_CONFIG_SYSTEM: /dev/null
    GIT_EDITOR: ""
    GIT_TERMINAL_PROMPT: "0"
    LANG: C
    LC_ALL: C
    NO_COLOR: ""
    PSModulePath: ""
    RUST_LOG: warn
    SHELL: ""
    TERM: alacritty
    WORKTRUNK_APPROVALS_PATH: "[TEST_APPROVALS]"
    WORKTRUNK_CONFIG_PATH: "[TEST_CONFIG]"
    WORKTRUNK_SYSTEM_CONFIG_PATH: "[TEST_SYSTEM_CONFIG]"
    WORKTRUNK_TEST_CLAUDE_INSTALLED: "0"
    WORKTRUNK_TEST_DELAYED_STREAM_MS: "-1"
    WORKTRUNK_TEST_EPOCH: "1735776000"
    WORKTRUNK_TEST_NUSHELL_ENV: "0"
    WORKTRUNK_TEST_OPENCODE_INSTALLED: "0"
    WORKTRUNK_TEST_POWERSHELL_ENV: "0"
    WORKTRUNK_TEST_SKIP_URL_HEALTH_CHECK: "1"
---
success: true
exit_code: 0
----- stdout -----
  [1mBranch[0m    [1mStatus[0m        [1mHEAD±[0m    [1mmain↕[0m  [1mRemote⇅[0m  [1mPath[0m         [1mCommit[0m    [1mAge[0m   [1mMessage[0m
@ main          [2m^[22m                                  .            [2mb37a293c[0m  [2m1d[0m    [2mMain commit[0m
+ [2mfeature1[0m      [2m_[22m                                  [2m../feature1[0m  [2mb37a293c[0m  [2m1d[0m    [2mMain commit[0m
+ [2mfeature2[0m      [2m_[22m                                  [2m../feature2[0m  [2mb37a293c[0m  [2m1d[0m    [2mMain commit[0m

[2m○[22m [2mShowing 3 worktrees[0m

----- stderr -----
