---
source: tests/integration_tests/list.rs
info:
  program: wt
  args:
    - "-C"
    - /private/var/folders/wf/s6ycxvvs4ln8qsdbfx40hnc40000gn/T/.tmpSeGxzx/repo
    - list
  env:
    CLICOLOR_FORCE: "1"
    COLUMNS: "500"
    GIT_EDITOR: ""
    LANG: C
    LC_ALL: C
    NO_COLOR: ""
    PSModulePath: ""
    RUST_LOG: warn
    SHELL: ""
    TERM: alacritty
    WORKTRUNK_APPROVALS_PATH: "[TEST_APPROVALS]"
    WORKTRUNK_CONFIG_PATH: "[TEST_CONFIG]"
    WORKTRUNK_SYSTEM_CONFIG_PATH: "[TEST_SYSTEM_CONFIG]"
    WORKTRUNK_TEST_CLAUDE_INSTALLED: "0"
    WORKTRUNK_TEST_DELAYED_STREAM_MS: "-1"
    WORKTRUNK_TEST_EPOCH: "1735776000"
    WORKTRUNK_TEST_NUSHELL_ENV: "0"
    WORKTRUNK_TEST_OPENCODE_INSTALLED: "0"
    WORKTRUNK_TEST_POWERSHELL_ENV: "0"
    WORKTRUNK_TEST_SKIP_URL_HEALTH_CHECK: "1"
---
success: true
exit_code: 0
----- stdout -----
  [1mBranch[0m     [1mStatus[0m        [1mHEAD±[0m    [1mmain↕[0m  [1mRemote⇅[0m  [1mPath[0m               [1mCommit[0m    [1mAge[0m   [1mMessage
@ main           [2m^[22m[2m|[22m                           [2m|[0m     .                  [2m05a4a45d[0m  [2m16h[0m   [2mInitial commit
+ feature-a      [2m↑[22m                 [32m↑1[0m               ../repo.feature-a  [2m1b87d473[0m  [2m16h[0m   [2mAdd feature-a file
+ feature-b      [2m↑[22m                 [32m↑1[0m               ../repo.feature-b  [2mf62940fc[0m  [2m16h[0m   [2mAdd feature-b file
+ feature-c      [2m↑[22m                 [32m↑1[0m               ../repo.feature-c  [2m345c7c93[0m  [2m16h[0m   [2mAdd feature-c file

[2m○[22m [2mShowing 4 worktrees, 3 ahead

----- stderr -----
