---
source: tests/integration_tests/help.rs
info:
  program: wt
  args:
    - "--help-md"
  env:
    CLICOLOR_FORCE: "1"
    COLUMNS: "500"
    LANG: C
    LC_ALL: C
    LLVM_PROFILE_FILE: "[LLVM_PROFILE_FILE]"
    TERM: alacritty
    WORKTRUNK_APPROVALS_PATH: "[TEST_APPROVALS]"
    WORKTRUNK_CONFIG_PATH: "[TEST_CONFIG]"
    WORKTRUNK_SYSTEM_CONFIG_PATH: "[TEST_SYSTEM_CONFIG]"
    WORKTRUNK_TEST_BASH_INSTALLED: "0"
    WORKTRUNK_TEST_CLAUDE_INSTALLED: "0"
    WORKTRUNK_TEST_CODEX_INSTALLED: "0"
    WORKTRUNK_TEST_DELAYED_STREAM_MS: "-1"
    WORKTRUNK_TEST_EPOCH: "1735776000"
    WORKTRUNK_TEST_FISH_INSTALLED: "0"
    WORKTRUNK_TEST_GEMINI_INSTALLED: "0"
    WORKTRUNK_TEST_NUSHELL_ENV: "0"
    WORKTRUNK_TEST_OPENCODE_INSTALLED: "0"
    WORKTRUNK_TEST_POWERSHELL_ENV: "0"
    WORKTRUNK_TEST_POWERSHELL_INSTALLED: "0"
    WORKTRUNK_TEST_SKIP_URL_HEALTH_CHECK: "1"
    WORKTRUNK_TEST_ZSH_INSTALLED: "0"
---
success: true
exit_code: 0
----- stdout -----
wt - Git worktree management for parallel AI agent workflows

Usage: wt [OPTIONS] [COMMAND]

Commands:
  switch  Switch to a worktree; create if needed
  list    List worktrees and their status
  remove  Remove worktree; delete branch if merged
  merge   Merge current branch into the target branch
  step    Run individual operations
  hook    Run configured hooks
  config  Manage user & project configs

Options:
  -h, --help
          Print help (see a summary with '-h')

  -V, --version
          Print version

Global Options:
  -C <path>
          Working directory for this command

      --config <path>
          User config file path

      --config-set <toml>
          Override config with inline TOML, e.g. --config-set list.full=true (repeatable)

  -v, --verbose...
          Verbose output (-v: info logs + hook/alias template variables on stderr; -vv: also debug logs and raw subprocess output written to .git/wt/logs/). Set WORKTRUNK_VERBOSE=0|1|2 to apply the same level everywhere — including shell completion, which no flag can reach

  -y, --yes
          Skip approval prompts

Getting started

  wt switch --create feature    # Create worktree and branch
  wt switch feature             # Switch to worktree
  wt list                       # Show all worktrees
  wt remove                     # Remove worktree; delete branch if merged

Run `wt config shell install` to set up directory switching.
Run `wt config create` to customize worktree locations.

Docs: https://worktrunk.dev
GitHub: https://github.com/max-sixty/worktrunk

----- stderr -----
