---
source: tests/integration_tests/help.rs
info:
  program: wt
  args:
    - remove
    - "-h"
  env:
    CLICOLOR_FORCE: "1"
    COLUMNS: "500"
    GIT_EDITOR: ""
    LANG: C
    LC_ALL: C
    NO_COLOR: ""
    PSModulePath: ""
    RUST_LOG: warn
    SHELL: ""
    TERM: alacritty
    WORKTRUNK_APPROVALS_PATH: /nonexistent/test/approvals.toml
    WORKTRUNK_CONFIG_PATH: /nonexistent/test/config.toml
    WORKTRUNK_SYSTEM_CONFIG_PATH: /etc/xdg/worktrunk/config.toml
    WORKTRUNK_TEST_CLAUDE_INSTALLED: "0"
    WORKTRUNK_TEST_DELAYED_STREAM_MS: "-1"
    WORKTRUNK_TEST_EPOCH: "1735776000"
    WORKTRUNK_TEST_NUSHELL_ENV: "0"
    WORKTRUNK_TEST_OPENCODE_INSTALLED: "0"
    WORKTRUNK_TEST_POWERSHELL_ENV: "0"
    WORKTRUNK_TEST_SKIP_URL_HEALTH_CHECK: "1"
---
success: true
exit_code: 0
----- stdout -----

----- stderr -----
wt remove - Remove worktree; delete branch if merged

Usage: [1m[36mwt remove[0m [36m[OPTIONS][0m [36m[BRANCHES]...[0m

[1m[32mArguments:[0m
  [36m[BRANCHES]...[0m  Branch name [default: current]

[1m[32mOptions:[0m
      [1m[36m--no-delete-branch[0m  Keep branch after removal
  [1m[36m-D[0m, [1m[36m--force-delete[0m      Delete unmerged branches
      [1m[36m--foreground[0m        Run removal in foreground (block until complete)
  [1m[36m-f[0m, [1m[36m--force[0m             Force worktree removal
  [1m[36m-h[0m, [1m[36m--help[0m              Print help (see more with '--help')

[1m[32mAutomation:[0m
  [1m[36m-y[0m, [1m[36m--yes[0m       Skip approval prompts
      [1m[36m--no-hooks[0m  Skip hooks

[1m[32mGlobal Options:[0m
  [1m[36m-C[0m[36m [0m[36m<path>[0m            Working directory for this command
      [1m[36m--config[0m[36m [0m[36m<path>[0m  User config file path
  [1m[36m-v[0m, [1m[36m--verbose[0m[36m...[0m     Verbose output (-v: hooks, templates; -vv: debug report)
