---
source: tests/integration_tests/help.rs
info:
  program: wt
  args:
    - config
    - show
    - "--help"
  env:
    CLICOLOR_FORCE: "1"
    COLUMNS: "500"
    GIT_EDITOR: ""
    LANG: C
    LC_ALL: C
    NO_COLOR: ""
    PSModulePath: ""
    RUST_LOG: warn
    SHELL: ""
    TERM: alacritty
    WORKTRUNK_APPROVALS_PATH: /nonexistent/test/approvals.toml
    WORKTRUNK_CONFIG_PATH: /nonexistent/test/config.toml
    WORKTRUNK_SYSTEM_CONFIG_PATH: /etc/xdg/worktrunk/config.toml
    WORKTRUNK_TEST_CLAUDE_INSTALLED: "0"
    WORKTRUNK_TEST_DELAYED_STREAM_MS: "-1"
    WORKTRUNK_TEST_EPOCH: "1735776000"
    WORKTRUNK_TEST_NUSHELL_ENV: "0"
    WORKTRUNK_TEST_OPENCODE_INSTALLED: "0"
    WORKTRUNK_TEST_POWERSHELL_ENV: "0"
    WORKTRUNK_TEST_SKIP_URL_HEALTH_CHECK: "1"
---
success: true
exit_code: 0
----- stdout -----
wt config show - Show configuration files & locations

Usage: [1m[36mwt config show[0m [36m[OPTIONS][0m

[1m[32mOptions:[0m
      [1m[36m--full[0m
          Run diagnostic checks (CI tools, commit generation, version)

  [1m[36m-h[0m, [1m[36m--help[0m
          Print help (see a summary with '-h')

[1m[32mOutput:[0m
      [1m[36m--format[0m[36m [0m[36m<FORMAT>[0m
          Output format (text, json)

          Possible values:
          - [1m[36mtext[0m: Human-readable text output
          - [1m[36mjson[0m: JSON output
          
          [default: text]

[1m[32mGlobal Options:[0m
  [1m[36m-C[0m[36m [0m[36m<path>[0m
          Working directory for this command

      [1m[36m--config[0m[36m [0m[36m<path>[0m
          User config file path

  [1m[36m-v[0m, [1m[36m--verbose[0m[36m...[0m
          Verbose output (-v: info logs + hook/alias template variable & output; -vv: debug logs + diagnostic report + trace.log/output.log under .git/wt/logs/)

  [1m[36m-y[0m, [1m[36m--yes[0m
          Skip approval prompts

Shows location and contents of user config ([2m~/.config/worktrunk/config.toml[0m)
and project config ([2m.config/wt.toml[0m). Also shows system config if present.

If a config file doesn't exist, shows defaults that would be used.

[1m[32mFull diagnostics[0m

Use [2m--full[0m to run diagnostic checks:

[107m [0m [2m[0m[2m[34mwt[0m[2m config show [0m[2m[36m--full[0m[2m[0m

This tests:
- [1mCI tool status[0m — Whether [2mgh[0m (GitHub) or [2mglab[0m (GitLab) is installed and authenticated
- [1mCommit generation[0m — Whether the LLM command can generate commit messages
- [1mVersion check[0m — Whether a newer version is available on GitHub

----- stderr -----
