---
source: tests/integration_tests/remove.rs
info:
  program: wt
  args:
    - remove
    - "-D"
    - main
  env:
    COLUMNS: "500"
    GIT_ALLOW_PROTOCOL: file
    GIT_AUTHOR_DATE: "2025-01-01T00:00:00Z"
    GIT_COMMITTER_DATE: "2025-01-01T00:00:00Z"
    GIT_CONFIG_GLOBAL: "[TEST_GIT_CONFIG]"
    GIT_CONFIG_SYSTEM: /dev/null
    GIT_TERMINAL_PROMPT: "0"
    LANG: C
    LC_ALL: C
    LLVM_PROFILE_FILE: "[LLVM_PROFILE_FILE]"
    TERM: alacritty
    WORKTRUNK_APPROVALS_PATH: "[TEST_APPROVALS]"
    WORKTRUNK_CONFIG_PATH: "[TEST_CONFIG]"
    WORKTRUNK_SYSTEM_CONFIG_PATH: "[TEST_SYSTEM_CONFIG]"
    WORKTRUNK_TEST_BASH_INSTALLED: "0"
    WORKTRUNK_TEST_CLAUDE_INSTALLED: "0"
    WORKTRUNK_TEST_CODEX_INSTALLED: "0"
    WORKTRUNK_TEST_DELAYED_STREAM_MS: "-1"
    WORKTRUNK_TEST_EPOCH: "1735776000"
    WORKTRUNK_TEST_FISH_INSTALLED: "0"
    WORKTRUNK_TEST_GEMINI_INSTALLED: "0"
    WORKTRUNK_TEST_NUSHELL_ENV: "0"
    WORKTRUNK_TEST_OPENCODE_INSTALLED: "0"
    WORKTRUNK_TEST_PARENT_SHELL: ""
    WORKTRUNK_TEST_POWERSHELL_ENV: "0"
    WORKTRUNK_TEST_POWERSHELL_INSTALLED: "0"
    WORKTRUNK_TEST_SKIP_URL_HEALTH_CHECK: "1"
    WORKTRUNK_TEST_ZSH_INSTALLED: "0"
---
success: true
exit_code: 0
----- stdout -----

----- stderr -----
✓ Pruned stale worktree & removed branch main (--force-delete)
