---
source: tests/integration_tests/approval_ui.rs
expression: combined
---
exit_code: 1
----- stdout -----

----- stderr -----
[33m▲[39m [33mProject config: table form for [1mpre-start[22m is deprecated in favor of the pipeline form. We're unifying pre-hooks, post-hooks, and aliases so that list form always runs serially and table form always runs in parallel — migrate now to keep the current serial behavior once the table form is repurposed.[39m
[2m↳[22m [2mTo see details, run [4mwt config show[24m; to apply updates, run [4mwt config update[24m[22m
[33m▲[39m [33m[1morigin[22m needs approval to execute [1m3[22m commands:[39m
[2m○[22m pre-start [1minstall[22m:
[107m [0m [2m[0m[2m[34mecho[0m[2m [0m[2m[32m'Installing dependencies...'[0m[2m
[2m○[22m pre-start [1mbuild[22m:
[107m [0m [2m[0m[2m[34mecho[0m[2m [0m[2m[32m'Building project...'[0m[2m
[2m○[22m pre-start [1mtest[22m:
[107m [0m [2m[0m[2m[34mecho[0m[2m [0m[2m[32m'Running tests...'[0m[2m
[31m✗[39m [31mCannot prompt for approval in non-interactive environment[39m
[2m↳[22m [2mTo skip prompts in CI/CD, add [4m--yes[24m; to pre-approve commands, run [4mwt config approvals add[24m[22m
