---
source: tests/integration_tests/config_state.rs
expression: "String::from_utf8_lossy(&output.stdout)"
---
{
  "command_log": [
    {
      "file": "commands.jsonl",
      "modified_at": "<TIMESTAMP>",
      "path": "_REPO_/.git/wt/logs/commands.jsonl",
      "size": "<SIZE>"
    }
  ],
  "diagnostic": [
    {
      "file": "diagnostic.md",
      "modified_at": "<TIMESTAMP>",
      "path": "_REPO_/.git/wt/logs/diagnostic.md",
      "size": "<SIZE>"
    }
  ],
  "hook_output": [
    {
      "file": "main-<HASH>/user/post-start/server-<HASH>.log",
      "modified_at": "<TIMESTAMP>",
      "path": "_REPO_/.git/wt/logs/main-<HASH>/user/post-start/server-<HASH>.log",
      "size": "<SIZE>"
    }
  ]
}
