---
source: tests/integration_tests/switch_picker.rs
expression: preview
---
1 2: log 3 4 5 6 7
Enter: switch | ctrl-u/d: scroll | Tab/alt-1…7: preview | a

* [HASH]   +1        [TIME] (feature) Add file 5 with content
* [HASH]   +1        [TIME] Add file 4 with content
* [HASH]   +1        [TIME] Add file 3 with content
* [HASH]   +1        [TIME] Add file 2 with content
* [HASH]   +1        [TIME] Add file 1 with content
* [HASH]   +2       [TIME] (HEAD -> main) Initial commit
