---
source: tests/integration_tests/help.rs
info:
  program: wt
  args:
    - config
    - state
    - get
    - "--help"
  env:
    CLICOLOR_FORCE: "1"
    COLUMNS: "500"
    GIT_EDITOR: ""
    LANG: C
    LC_ALL: C
    NO_COLOR: ""
    PSModulePath: ""
    RUST_LOG: warn
    SHELL: ""
    TERM: alacritty
    WORKTRUNK_APPROVALS_PATH: /nonexistent/test/approvals.toml
    WORKTRUNK_CONFIG_PATH: /nonexistent/test/config.toml
    WORKTRUNK_SYSTEM_CONFIG_PATH: /etc/xdg/worktrunk/config.toml
    WORKTRUNK_TEST_CLAUDE_INSTALLED: "0"
    WORKTRUNK_TEST_DELAYED_STREAM_MS: "-1"
    WORKTRUNK_TEST_EPOCH: "1735776000"
    WORKTRUNK_TEST_NUSHELL_ENV: "0"
    WORKTRUNK_TEST_OPENCODE_INSTALLED: "0"
    WORKTRUNK_TEST_POWERSHELL_ENV: "0"
    WORKTRUNK_TEST_SKIP_URL_HEALTH_CHECK: "1"
---
success: true
exit_code: 0
----- stdout -----
wt config state get - Get all stored state

Usage: [1m[36mwt config state get[0m [36m[OPTIONS][0m

[1m[32mOptions:[0m
      [1m[36m--format[0m[36m [0m[36m<FORMAT>[0m
          Output format (table, json)
          
          [default: table]

  [1m[36m-h[0m, [1m[36m--help[0m
          Print help (see a summary with '-h')

[1m[32mGlobal Options:[0m
  [1m[36m-C[0m[36m [0m[36m<path>[0m
          Working directory for this command

      [1m[36m--config[0m[36m [0m[36m<path>[0m
          User config file path

  [1m[36m-v[0m, [1m[36m--verbose[0m[36m...[0m
          Verbose output (-v: info logs + hook/alias template variable & output; -vv: debug logs + diagnostic report + trace.log/output.log under .git/wt/logs/)

  [1m[36m-y[0m, [1m[36m--yes[0m
          Skip approval prompts

Shows all stored state including:

- [1mDefault branch[0m: Cached result of querying remote for default branch
- [1mPrevious branch[0m: Previous branch for [2mwt switch -[0m
- [1mBranch markers[0m: User-defined branch notes
- [1mVars[0m: Custom variables per branch
- [1mCI status[0m: Cached GitHub/GitLab CI status per branch (30s TTL)
- [1mGit commands cache[0m: SHA-keyed merge-tree, ancestry, and diff-stats results
- [1mHints[0m: One-time hints that have been shown
- [1mLog files[0m: Operation and debug logs
- [1mTrash[0m: Staged worktree directories awaiting background deletion

Every category that [2mwt config state clear[0m sweeps is shown here.

CI cache entries show status, age, and the commit SHA they were fetched for.

----- stderr -----
