---
source: tests/integration_tests/help.rs
info:
  program: wt
  args:
    - config
    - state
    - logs
    - "--help"
  env:
    CLICOLOR_FORCE: "1"
    COLUMNS: "500"
    GIT_EDITOR: ""
    LANG: C
    LC_ALL: C
    PSModulePath: ""
    RUST_LOG: warn
    SHELL: ""
    TERM: alacritty
    WORKTRUNK_APPROVALS_PATH: /nonexistent/test/approvals.toml
    WORKTRUNK_CONFIG_PATH: /nonexistent/test/config.toml
    WORKTRUNK_SYSTEM_CONFIG_PATH: /etc/xdg/worktrunk/config.toml
    WORKTRUNK_TEST_CLAUDE_INSTALLED: "0"
    WORKTRUNK_TEST_DELAYED_STREAM_MS: "-1"
    WORKTRUNK_TEST_EPOCH: "1735776000"
    WORKTRUNK_TEST_NUSHELL_ENV: "0"
    WORKTRUNK_TEST_POWERSHELL_ENV: "0"
    WORKTRUNK_TEST_SKIP_URL_HEALTH_CHECK: "1"
---
success: true
exit_code: 0
----- stdout -----

----- stderr -----
wt config state logs - Background operation logs

Usage: [1m[36mwt config state logs[0m [36m[OPTIONS][0m [36m[COMMAND][0m

[1m[32mCommands:[0m
  [1m[36mget[0m    Get log file paths
  [1m[36mclear[0m  Clear background operation logs

[1m[32mOptions:[0m
  [1m[36m-h[0m, [1m[36m--help[0m
          Print help (see a summary with '-h')

[1m[32mGlobal Options:[0m
  [1m[36m-C[0m[36m [0m[36m<path>[0m
          Working directory for this command

      [1m[36m--config[0m[36m [0m[36m<path>[0m
          User config file path

  [1m[36m-v[0m, [1m[36m--verbose[0m[36m...[0m
          Verbose output (-v: hooks, templates; -vv: debug report)

View and manage logs from background operations.

[1m[32mWhat's logged[0m

Two kinds of logs live in [2m.git/wt-logs/[0m:

[32mCommand log (`commands.jsonl`)[0m

All hook executions and LLM commands are recorded automatically — one JSON object per line with timestamp, command, exit code, and duration. Rotates to [2mcommands.jsonl.old[0m at 1MB (~2MB total).

[32mHook output logs[0m

       Operation                     Log file                 
   ────────────────── ─────────────────────────────────────── 
   post-start hooks   [2m{branch}-{source}-post-start-{name}.log[0m 
   Background removal [2m{branch}-remove.log[0m                     

Source is [2muser[0m or [2mproject[0m depending on where the hook is defined.

[1m[32mLocation[0m

All logs are stored in [2m.git/wt-logs/[0m (in the main worktree's git directory).

[1m[32mBehavior[0m

- [1mOverwrites[0m — Same operation on same branch overwrites previous log
- [1mPersists[0m — Logs from deleted branches remain until manually cleared
- [1mShared[0m — All worktrees write to the same log directory

[1m[32mExamples[0m

List all log files:
  [2mwt config state logs get[0m

Query the command log:
  [2mtail -5 .git/wt-logs/commands.jsonl | jq .[0m

View a specific hook log:
  [2mcat "$(git rev-parse --git-dir)/wt-logs/feature-project-post-start-build.log"[0m

Clear all logs:
  [2mwt config state logs clear[0m
