---
source: tests/integration_tests/help.rs
info:
  program: wt
  args:
    - step
    - "--help"
  env:
    CLICOLOR_FORCE: "1"
    COLUMNS: "500"
    GIT_EDITOR: ""
    LANG: C
    LC_ALL: C
    PSModulePath: ""
    RUST_LOG: warn
    SHELL: ""
    TERM: alacritty
    WORKTRUNK_APPROVALS_PATH: /nonexistent/test/approvals.toml
    WORKTRUNK_CONFIG_PATH: /nonexistent/test/config.toml
    WORKTRUNK_SYSTEM_CONFIG_PATH: /etc/xdg/worktrunk/config.toml
    WORKTRUNK_TEST_CLAUDE_INSTALLED: "0"
    WORKTRUNK_TEST_DELAYED_STREAM_MS: "-1"
    WORKTRUNK_TEST_EPOCH: "1735776000"
    WORKTRUNK_TEST_NUSHELL_ENV: "0"
    WORKTRUNK_TEST_POWERSHELL_ENV: "0"
    WORKTRUNK_TEST_SKIP_URL_HEALTH_CHECK: "1"
---
success: true
exit_code: 0
----- stdout -----

----- stderr -----
wt step - Run individual operations[0m

The building blocks of [1mwt merge[0m — commit, squash, rebase, push — plus standalone utilities.[0m

Usage: [1m[36mwt step[0m [36m[OPTIONS][0m [36m<COMMAND>[0m

[1m[32mCommands:[0m
  [1m[36mcommit[0m        Stage and commit with LLM-generated message
  [1m[36msquash[0m        Squash commits since branching
  [1m[36mpush[0m          Fast-forward target to current branch
  [1m[36mrebase[0m        Rebase onto target
  [1m[36mdiff[0m          Show all changes since branching
  [1m[36mcopy-ignored[0m  Copy gitignored files to another worktree
  [1m[36mfor-each[0m      [experimental] Run command in each worktree
  [1m[36mpromote[0m       [experimental] Put a branch into the main worktree
  [1m[36mprune[0m         [experimental] Remove worktrees merged into the default branch
  [1m[36mrelocate[0m      [experimental] Move worktrees to expected paths

[1m[32mOptions:[0m
  [1m[36m-h[0m, [1m[36m--help[0m
          Print help (see a summary with '-h')

[1m[32mGlobal Options:[0m
  [1m[36m-C[0m[36m [0m[36m<path>[0m
          Working directory for this command

      [1m[36m--config[0m[36m [0m[36m<path>[0m
          User config file path

  [1m[36m-v[0m, [1m[36m--verbose[0m[36m...[0m
          Verbose output (-v: hooks, templates; -vv: debug report)

[1m[32mExamples[0m

Commit with LLM-generated message:

  [2mwt step commit[0m

Manual merge workflow with review between steps:

  [2mwt step commit[0m
  [2mwt step squash[0m
  [2mwt step rebase[0m
  [2mwt step push[0m

[1m[32mOperations[0m

- [2mcommit[0m — Stage and commit with LLM-generated message
- [2msquash[0m — Squash all branch commits into one with LLM-generated message
- [2mrebase[0m — Rebase onto target branch
- [2mpush[0m — Fast-forward target to current branch
- [2mdiff[0m — Show all changes since branching (committed, staged, unstaged, untracked)
- [2mcopy-ignored[0m — Copy gitignored files between worktrees
- [2mfor-each[0m — [experimental] Run a command in every worktree
- [2mpromote[0m — [experimental] Put a branch into the main worktree
- [2mprune[0m — Remove worktrees and branches merged into the default branch
- [2mrelocate[0m — [experimental] Move worktrees to expected paths

[1m[32mSee also[0m

- [2mwt merge[0m — Runs commit → squash → rebase → hooks → push → cleanup automatically
- [2mwt hook[0m — Run configured hooks
