---
source: tests/integration_tests/remove.rs
info:
  program: wt
  args:
    - remove
    - "--force"
    - feature
    - "--yes"
  env:
    APPDATA: "[TEST_CONFIG_HOME]"
    CLAUDE_CONFIG_DIR: "[TEST_CLAUDE_CONFIG]"
    CLICOLOR_FORCE: "1"
    COLUMNS: "500"
    GIT_ALLOW_PROTOCOL: file
    GIT_AUTHOR_DATE: "2025-01-01T00:00:00Z"
    GIT_AUTHOR_EMAIL: test@example.com
    GIT_AUTHOR_NAME: Test User
    GIT_COMMITTER_DATE: "2025-01-01T00:00:00Z"
    GIT_COMMITTER_EMAIL: test@example.com
    GIT_COMMITTER_NAME: Test User
    GIT_CONFIG_COUNT: "2"
    GIT_CONFIG_GLOBAL: /nonexistent/wt/gitconfig
    GIT_CONFIG_KEY_0: user.useConfigOnly
    GIT_CONFIG_KEY_1: rerere.enabled
    GIT_CONFIG_SYSTEM: /nonexistent/wt/gitconfig
    GIT_CONFIG_VALUE_0: "true"
    GIT_CONFIG_VALUE_1: "false"
    GIT_TERMINAL_PROMPT: "0"
    HOME: "[TEST_HOME]"
    LANG: C
    LC_ALL: C
    LLVM_PROFILE_FILE: "[LLVM_PROFILE_FILE]"
    OPENCODE_CONFIG_DIR: "[TEST_OPENCODE_CONFIG]"
    PATH: "[PATH]"
    TERM: alacritty
    USERPROFILE: "[TEST_HOME]"
    WORKTRUNK_APPROVALS_PATH: "[TEST_APPROVALS]"
    WORKTRUNK_CONFIG_PATH: "[TEST_CONFIG]"
    WORKTRUNK_SYSTEM_CONFIG_PATH: "[TEST_SYSTEM_CONFIG]"
    WORKTRUNK_TEST_BASH_INSTALLED: "0"
    WORKTRUNK_TEST_CLAUDE_INSTALLED: "0"
    WORKTRUNK_TEST_CODEX_INSTALLED: "0"
    WORKTRUNK_TEST_DELAYED_STREAM_MS: "-1"
    WORKTRUNK_TEST_EPOCH: "1735776000"
    WORKTRUNK_TEST_FISH_INSTALLED: "0"
    WORKTRUNK_TEST_GEMINI_INSTALLED: "0"
    WORKTRUNK_TEST_MOCK_CONFIG_DIR: "[TEST_MOCK_CONFIG]"
    WORKTRUNK_TEST_NUSHELL_ENV: "0"
    WORKTRUNK_TEST_OPENCODE_INSTALLED: "0"
    WORKTRUNK_TEST_PARENT_SHELL: ""
    WORKTRUNK_TEST_POWERSHELL_ENV: "0"
    WORKTRUNK_TEST_POWERSHELL_INSTALLED: "0"
    WORKTRUNK_TEST_PROBE_TIMEOUT_MS: "60000"
    WORKTRUNK_TEST_SKIP_URL_HEALTH_CHECK: "1"
    WORKTRUNK_TEST_ZSH_INSTALLED: "0"
    XDG_CONFIG_HOME: "[TEST_CONFIG_HOME]"
---
success: false
exit_code: 1
----- stdout -----

----- stderr -----
[31m✗[39m [31mDirectory @ [1m_REPO_.feature[22m does not hold the worktree registered there[39m
[2m↳[22m [2mRemoving it could destroy the worktree registered @ [4m_REPO_.other[24m; move the directory back there, then run [4mgit worktree prune[24m[22m
