---
source: tests/integration_tests/approvals.rs
info:
  program: wt
  args:
    - config
    - approvals
    - add
    - "--all"
  env:
    COLUMNS: "500"
    GIT_ALLOW_PROTOCOL: file
    GIT_AUTHOR_DATE: "2025-01-01T00:00:00Z"
    GIT_AUTHOR_EMAIL: test@example.com
    GIT_AUTHOR_NAME: Test User
    GIT_COMMITTER_DATE: "2025-01-01T00:00:00Z"
    GIT_COMMITTER_EMAIL: test@example.com
    GIT_COMMITTER_NAME: Test User
    GIT_CONFIG_COUNT: "2"
    GIT_CONFIG_GLOBAL: /nonexistent/wt/gitconfig
    GIT_CONFIG_KEY_0: user.useConfigOnly
    GIT_CONFIG_KEY_1: rerere.enabled
    GIT_CONFIG_SYSTEM: /nonexistent/wt/gitconfig
    GIT_CONFIG_VALUE_0: "true"
    GIT_CONFIG_VALUE_1: "false"
    GIT_TERMINAL_PROMPT: "0"
    LANG: C
    LC_ALL: C
    LLVM_PROFILE_FILE: "[LLVM_PROFILE_FILE]"
    TERM: alacritty
    WORKTRUNK_APPROVALS_PATH: "[TEST_APPROVALS]"
    WORKTRUNK_CONFIG_PATH: "[TEST_CONFIG]"
    WORKTRUNK_SYSTEM_CONFIG_PATH: "[TEST_SYSTEM_CONFIG]"
    WORKTRUNK_TEST_BASH_INSTALLED: "0"
    WORKTRUNK_TEST_CLAUDE_INSTALLED: "0"
    WORKTRUNK_TEST_CODEX_INSTALLED: "0"
    WORKTRUNK_TEST_DELAYED_STREAM_MS: "-1"
    WORKTRUNK_TEST_EPOCH: "1735776000"
    WORKTRUNK_TEST_FISH_INSTALLED: "0"
    WORKTRUNK_TEST_GEMINI_INSTALLED: "0"
    WORKTRUNK_TEST_NUSHELL_ENV: "0"
    WORKTRUNK_TEST_OPENCODE_INSTALLED: "0"
    WORKTRUNK_TEST_PARENT_SHELL: ""
    WORKTRUNK_TEST_POWERSHELL_ENV: "0"
    WORKTRUNK_TEST_POWERSHELL_INSTALLED: "0"
    WORKTRUNK_TEST_PROBE_TIMEOUT_MS: "60000"
    WORKTRUNK_TEST_SKIP_URL_HEALTH_CHECK: "1"
    WORKTRUNK_TEST_ZSH_INSTALLED: "0"
---
success: false
exit_code: 1
----- stdout -----

----- stderr -----
▲ repo needs approval to execute 1 command:
○ pre-start:
  echo 'hello'
✗ Cannot prompt for approval in non-interactive environment
↳ To skip prompts in CI/CD, add --yes; to pre-approve commands, run wt config approvals add --yes
