---
source: tests/integration_tests/shell_wrapper.rs
expression: prompt_only
---
n

▲ repo needs approval to execute 3 commands:
○ pre-create install:
  echo 'Installing dependencies...'
○ pre-create build:
  echo 'Building project...'
○ pre-create test:
  echo 'Running tests...'

❯ Allow and remember? [y/N]
