---
source: tests/integration_tests/switch.rs
info:
  program: wt
  args:
    - switch
    - "mr:42"
  env:
    APPDATA: "[TEST_CONFIG_HOME]"
    CLAUDE_CONFIG_DIR: "[TEST_CLAUDE_CONFIG]"
    CLICOLOR_FORCE: "1"
    COLUMNS: "500"
    GIT_ALLOW_PROTOCOL: file
    GIT_AUTHOR_DATE: "2025-01-01T00:00:00Z"
    GIT_AUTHOR_EMAIL: test@example.com
    GIT_AUTHOR_NAME: Test User
    GIT_COMMITTER_DATE: "2025-01-01T00:00:00Z"
    GIT_COMMITTER_EMAIL: test@example.com
    GIT_COMMITTER_NAME: Test User
    GIT_CONFIG_COUNT: "2"
    GIT_CONFIG_GLOBAL: /nonexistent/wt/gitconfig
    GIT_CONFIG_KEY_0: user.useConfigOnly
    GIT_CONFIG_KEY_1: rerere.enabled
    GIT_CONFIG_SYSTEM: /nonexistent/wt/gitconfig
    GIT_CONFIG_VALUE_0: "true"
    GIT_CONFIG_VALUE_1: "false"
    GIT_TERMINAL_PROMPT: "0"
    HOME: "[TEST_HOME]"
    LANG: C
    LC_ALL: C
    LLVM_PROFILE_FILE: "[LLVM_PROFILE_FILE]"
    OPENCODE_CONFIG_DIR: "[TEST_OPENCODE_CONFIG]"
    PATH: "[PATH]"
    TERM: alacritty
    USERPROFILE: "[TEST_HOME]"
    WORKTRUNK_APPROVALS_PATH: "[TEST_APPROVALS]"
    WORKTRUNK_CONFIG_PATH: "[TEST_CONFIG]"
    WORKTRUNK_SYSTEM_CONFIG_PATH: "[TEST_SYSTEM_CONFIG]"
    WORKTRUNK_TEST_BASH_INSTALLED: "0"
    WORKTRUNK_TEST_CLAUDE_INSTALLED: "0"
    WORKTRUNK_TEST_CODEX_INSTALLED: "0"
    WORKTRUNK_TEST_DELAYED_STREAM_MS: "-1"
    WORKTRUNK_TEST_EPOCH: "1735776000"
    WORKTRUNK_TEST_FISH_INSTALLED: "0"
    WORKTRUNK_TEST_GEMINI_INSTALLED: "0"
    WORKTRUNK_TEST_MOCK_CONFIG_DIR: "[TEST_MOCK_CONFIG]"
    WORKTRUNK_TEST_NUSHELL_ENV: "0"
    WORKTRUNK_TEST_OPENCODE_INSTALLED: "0"
    WORKTRUNK_TEST_PARENT_SHELL: ""
    WORKTRUNK_TEST_POWERSHELL_ENV: "0"
    WORKTRUNK_TEST_POWERSHELL_INSTALLED: "0"
    WORKTRUNK_TEST_PROBE_TIMEOUT_MS: "60000"
    WORKTRUNK_TEST_SKIP_URL_HEALTH_CHECK: "1"
    WORKTRUNK_TEST_ZSH_INSTALLED: "0"
    XDG_CONFIG_HOME: "[TEST_CONFIG_HOME]"
---
success: false
exit_code: 1
----- stdout -----

----- stderr -----
[36m◎[39m [36mFetching MR !42...[39m
[107m [0m [1mAdd feature fix for edge case[22m (!42)
[107m [0m by @contributor · opened · feature-fix · [90mhttps://gitlab.com/owner/test-repo/-/merge_requests/42[39m
[31m✗[39m [31mglab api failed for source project 456[39m
[107m [0m glab: 404 Project Not Found (HTTP 404)
