---
source: tests/integration_tests/help.rs
info:
  program: wt
  args:
    - config
    - state
    - cache
    - "--help"
  env:
    CLICOLOR_FORCE: "1"
    COLUMNS: "500"
    LANG: C
    LC_ALL: C
    LLVM_PROFILE_FILE: "[LLVM_PROFILE_FILE]"
    TERM: alacritty
    WORKTRUNK_APPROVALS_PATH: "[TEST_APPROVALS]"
    WORKTRUNK_CONFIG_PATH: "[TEST_CONFIG]"
    WORKTRUNK_SYSTEM_CONFIG_PATH: "[TEST_SYSTEM_CONFIG]"
    WORKTRUNK_TEST_BASH_INSTALLED: "0"
    WORKTRUNK_TEST_CLAUDE_INSTALLED: "0"
    WORKTRUNK_TEST_CODEX_INSTALLED: "0"
    WORKTRUNK_TEST_DELAYED_STREAM_MS: "-1"
    WORKTRUNK_TEST_EPOCH: "1735776000"
    WORKTRUNK_TEST_FISH_INSTALLED: "0"
    WORKTRUNK_TEST_GEMINI_INSTALLED: "0"
    WORKTRUNK_TEST_NUSHELL_ENV: "0"
    WORKTRUNK_TEST_OPENCODE_INSTALLED: "0"
    WORKTRUNK_TEST_POWERSHELL_ENV: "0"
    WORKTRUNK_TEST_POWERSHELL_INSTALLED: "0"
    WORKTRUNK_TEST_SKIP_URL_HEALTH_CHECK: "1"
    WORKTRUNK_TEST_ZSH_INSTALLED: "0"
---
success: true
exit_code: 0
----- stdout -----
wt config state cache - Regenerable caches

Usage: [1m[36mwt config state cache[0m [36m[OPTIONS][0m [36m[COMMAND][0m

[1m[32mCommands:[0m
  [1m[36mget[0m    Show cache contents
  [1m[36mclear[0m  Drop all caches

[1m[32mOptions:[0m
  [1m[36m-h[0m, [1m[36m--help[0m
          Print help (see a summary with '-h')

[1m[32mOutput:[0m
      [1m[36m--format[0m[36m [0m[36m<FORMAT>[0m
          Output format (text, json) [default: text]

[1m[32mGlobal Options:[0m
  [1m[36m-C[0m[36m [0m[36m<path>[0m
          Working directory for this command

      [1m[36m--config[0m[36m [0m[36m<path>[0m
          User config file path

      [1m[36m--config-set[0m[36m [0m[36m<toml>[0m
          Override config with inline TOML, e.g. --config-set list.full=true (repeatable)

  [1m[36m-v[0m, [1m[36m--verbose[0m[36m...[0m
          Verbose output (-v: info logs + hook/alias template variables on stderr; -vv: also debug logs and raw subprocess output written to .git/wt/logs/). Set WORKTRUNK_VERBOSE=0|1|2 to apply the same level everywhere — including shell completion, which no flag can reach

  [1m[36m-y[0m, [1m[36m--yes[0m
          Skip approval prompts

View or drop worktrunk's regenerable caches in one place. Everything here is rebuilt on demand — clearing only forces recomputation, never data loss.

[1m[32mWhat's cached[0m

- [1mCI status[0m — GitHub/GitLab CI per branch (30–60s TTL), shown in [2mwt list[0m, plus the largest PR/MR number seen (sizes the CI column)
- [1mSummaries[0m — LLM-generated branch summaries ([2mwt list --full[0m, [2mwt switch[0m preview)
- [1mGit commands[0m — SHA-keyed disk caches: merge-tree, ancestry, diff-stats, and [2mwt switch[0m preview renders
- [1mHints[0m — one-time hints already shown in this repo
- [1mPrevious branch[0m — the [2mwt switch -[0m target, re-recorded on the next switch

[2mcache clear[0m drops all of the above with no prompt. It re-shows one-time hints and forgets the [2mwt switch -[0m target until the next switch — both repopulate on their own.

Without a subcommand, runs [2mget[0m.

[1m[32mExamples[0m

Show cache contents:
[107m [0m [2m[0m[2m[34mwt[0m[2m config state cache[0m

Drop all caches:
[107m [0m [2m[0m[2m[34mwt[0m[2m config state cache clear[0m

----- stderr -----
