---
source: tests/integration_tests/config_show_theme.rs
info:
  program: wt
  args:
    - config
    - shell
    - show-theme
  env:
    CLICOLOR_FORCE: "1"
    COLUMNS: "500"
    GIT_EDITOR: ""
    LANG: C
    LC_ALL: C
    NO_COLOR: ""
    PSModulePath: ""
    RUST_LOG: warn
    SHELL: ""
    TERM: alacritty
    WORKTRUNK_APPROVALS_PATH: /nonexistent/test/approvals.toml
    WORKTRUNK_CONFIG_PATH: /nonexistent/test/config.toml
    WORKTRUNK_SYSTEM_CONFIG_PATH: /etc/xdg/worktrunk/config.toml
    WORKTRUNK_TEST_CLAUDE_INSTALLED: "0"
    WORKTRUNK_TEST_DELAYED_STREAM_MS: "-1"
    WORKTRUNK_TEST_EPOCH: "1735776000"
    WORKTRUNK_TEST_NUSHELL_ENV: "0"
    WORKTRUNK_TEST_OPENCODE_INSTALLED: "0"
    WORKTRUNK_TEST_POWERSHELL_ENV: "0"
    WORKTRUNK_TEST_SKIP_URL_HEALTH_CHECK: "1"
---
success: true
exit_code: 0
----- stdout -----

----- stderr -----
[36m◎[39m [36mRebasing [1mfeature[22m onto [1mmain[22m...[39m
[32m✓[39m [32mCreated worktree for [1mfeature[22m @ [1m/path/to/worktree[22m[39m
[31m✗[39m [31mBranch [1mfeature[22m not found[39m
[33m▲[39m [33mBranch [1mfeature[22m has uncommitted changes[39m
[2m↳[22m [2mTo rebase onto main, run [4mwt merge[24m[22m
[2m○[22m Showing [1m5[22m worktrees

[2m○[22m Gutter formatting (error details):
[107m [0m expected `=`, found newline at line 3 column 1

[2m○[22m Gutter formatting (config):
[107m [0m [2m[36m[commit.generation][0m
[107m [0m [2mcommand = [0m[2m[32m"llm --model claude"[0m

[2m○[22m Gutter formatting (shell code):
[107m [0m [2m[0m[2m[34meval[0m[2m [0m[2m[32m"$([0m[2m[34mwt[0m[2m config shell init bash)"[0m[2m[0m
[107m [0m [2m[0m[2m[34mecho[0m[2m [0m[2m[32m'This is a long command that will wrap to the next line when the terminal is narrow enough to require wrapping.'[0m[2m[0m
[107m [0m [2m[0m[2m[34mecho[0m[2m [0m[2m[32m'hello[0m
[107m [0m [2m[0m[2m[32mworld'[0m[2m[0m
[107m [0m [2m[0m[2m[34mcargo[0m[2m build [0m[2m[36m--release[0m[2m [0m[2m[36m&&[0m[2m[0m
[107m [0m [2m[0m[2m[34mcargo[0m[2m test[0m
[107m [0m [2m[0m[2m[34mcp[0m[2m [0m[2m[32m{{[0m[2m repo_root [0m[2m[32m}}[0m[2m/target [0m[2m[32m{{[0m[2m worktree [0m[2m[32m}}[0m[2m/target[0m

[2m○[22m Prompt formatting:
[36m❯[39m [36mProceed? [y/N][39m 

[2m○[22m Color palette:
[107m [0m [31mred[0m
[107m [0m [32mgreen[0m
[107m [0m [33myellow[0m
[107m [0m [34mblue[0m
[107m [0m [36mcyan[0m
[107m [0m [1mbold[0m
[107m [0m [2mdim[0m
[107m [0m [1m[31mbold red[0m
[107m [0m [1m[32mbold green[0m
[107m [0m [1m[33mbold yellow[0m
[107m [0m [1m[36mbold cyan[0m
[107m [0m [2m[90mdim bright-black[0m
[107m [0m [2m[34mdim blue[0m
[107m [0m [2m[32mdim green[0m
[107m [0m [2m[36mdim cyan[0m
[107m [0m [2m[35mdim magenta[0m
[107m [0m [2m[33mdim yellow[0m
